<?xml version='1.0' encoding="UTF-8" ?>
<wfs:FeatureCollection
   xmlns:ms="http://mapserver.gis.umn.edu/mapserver"
   xmlns:gml="http://www.opengis.net/gml/3.2"
   xmlns:wfs="http://www.opengis.net/wfs/2.0"
   xmlns:xsi="http://www.w3.org/2001/XMLSchema-instance"
   xsi:schemaLocation="http://mapserver.gis.umn.edu/mapserver http://localhost?SERVICE=WFS&amp;VERSION=2.0.0&amp;REQUEST=DescribeFeatureType&amp;TYPENAME=bag:pand&amp;OUTPUTFORMAT=application%2Fgml%2Bxml%3B%20version%3D3.2 http://www.opengis.net/wfs/2.0 http://schemas.opengis.net/wfs/2.0/wfs.xsd http://www.opengis.net/gml/3.2 http://schemas.opengis.net/gml/3.2.1/gml.xsd"
   timeStamp="2025-01-20T15:16:22" numberMatched="5" numberReturned="5">
      <wfs:boundedBy>
      	<gml:Envelope srsName="urn:ogc:def:crs:EPSG::3857">
      		<gml:lowerCorner>545327.950179 6867645.996197</gml:lowerCorner>
      		<gml:upperCorner>545741.620449 6867933.162223</gml:upperCorner>
      	</gml:Envelope>
      </wfs:boundedBy>
<!-- WARNING: No featureid defined for typename 'pand'. Output will not validate. -->
    <wfs:member>
      <ms:pand>
        <gml:boundedBy>
        	<gml:Envelope srsName="urn:ogc:def:crs:EPSG::3857">
        		<gml:lowerCorner>545327.950179 6867683.091314</gml:lowerCorner>
        		<gml:upperCorner>545375.395953 6867729.818617</gml:upperCorner>
        	</gml:Envelope>
        </gml:boundedBy>
        <ms:geom>
          <gml:Polygon gml:id=".1" srsName="urn:ogc:def:crs:EPSG::3857">
            <gml:exterior>
              <gml:LinearRing>
                <gml:posList srsDimension="2">545375.360477 6867711.041459 545370.293145 6867701.053465 545366.414815 6867693.408727 545364.341729 6867689.325714 545361.896003 6867684.504388 545361.367764 6867683.568373 545361.097984 6867683.091314 545341.313290 6867693.642338 545342.833869 6867696.507313 545328.183170 6867704.682394 545327.950179 6867704.811920 545341.387774 6867729.742950 545341.429766 6867729.818617 545342.306011 6867729.321437 545342.079847 6867728.921691 545343.446736 6867728.144321 545343.672922 6867728.540789 545344.439232 6867728.105140 545344.214691 6867727.707044 545346.968182 6867726.137687 545347.194368 6867726.534155 545347.962324 6867726.096877 545347.736137 6867725.700409 545349.101401 6867724.921389 545349.327577 6867725.319495 545350.210403 6867724.815805 545358.475334 6867720.415843 545358.436611 6867720.340199 545367.199352 6867715.565040 545375.395953 6867711.113803 545375.360477 6867711.041459 </gml:posList>
              </gml:LinearRing>
            </gml:exterior>
          </gml:Polygon>
        </ms:geom>
      </ms:pand>
    </wfs:member>
    <wfs:member>
      <ms:pand>
        <gml:boundedBy>
        	<gml:Envelope srsName="urn:ogc:def:crs:EPSG::3857">
        		<gml:lowerCorner>545673.760447 6867861.645207</gml:lowerCorner>
        		<gml:upperCorner>545741.620449 6867902.643860</gml:upperCorner>
        	</gml:Envelope>
        </gml:boundedBy>
        <ms:geom>
          <gml:Polygon gml:id=".1" srsName="urn:ogc:def:crs:EPSG::3857">
            <gml:exterior>
              <gml:LinearRing>
                <gml:posList srsDimension="2">545741.239579 6867894.171163 545712.864600 6867863.335530 545711.600356 6867861.961941 545711.498109 6867861.851456 545706.404196 6867861.645207 545674.171939 6867891.453089 545674.072950 6867891.344264 545673.760447 6867891.630593 545673.854576 6867891.732830 545673.908124 6867891.792186 545673.774900 6867891.914201 545674.045931 6867892.207725 545674.118292 6867892.142659 545681.849799 6867900.545840 545683.928566 6867900.628623 545689.989790 6867895.026949 545693.698110 6867899.060320 545695.776876 6867899.143100 545699.638940 6867895.575148 545699.755719 6867895.467772 545699.851899 6867893.059395 545699.572759 6867892.755985 545702.408443 6867890.136562 545704.839562 6867892.778216 545710.588831 6867893.010167 545713.281414 6867890.522522 545715.894301 6867893.362047 545715.540661 6867893.689072 545715.442588 6867896.136767 545715.556191 6867896.260438 545719.103868 6867900.117369 545721.182635 6867900.200143 545725.248648 6867896.443447 545730.873652 6867902.559451 545732.952409 6867902.643860 545741.576287 6867894.666697 545741.472416 6867894.554563 545741.620449 6867894.417897 545741.323458 6867894.094703 545741.239579 6867894.171163 </gml:posList>
              </gml:LinearRing>
            </gml:exterior>
          </gml:Polygon>
        </ms:geom>
      </ms:pand>
    </wfs:member>
    <wfs:member>
      <ms:pand>
        <gml:boundedBy>
        	<gml:Envelope srsName="urn:ogc:def:crs:EPSG::3857">
        		<gml:lowerCorner>545350.288447 6867716.785233</gml:lowerCorner>
        		<gml:upperCorner>545404.472306 6867780.931668</gml:upperCorner>
        	</gml:Envelope>
        </gml:boundedBy>
        <ms:geom>
          <gml:Polygon gml:id=".1" srsName="urn:ogc:def:crs:EPSG::3857">
            <gml:exterior>
              <gml:LinearRing>
                <gml:posList srsDimension="2">545384.688135 6867763.076023 545372.250819 6867737.892793 545379.019932 6867734.239811 545379.749659 6867735.599990 545387.901777 6867731.202509 545381.016898 6867716.802172 545380.935279 6867716.785233 545350.338145 6867733.293959 545350.288447 6867733.391949 545363.112067 6867757.999325 545374.439858 6867780.931668 545404.472306 6867766.011822 545400.016096 6867756.535919 545399.600194 6867755.666207 545384.688135 6867763.076023 </gml:posList>
              </gml:LinearRing>
            </gml:exterior>
          </gml:Polygon>
        </ms:geom>
      </ms:pand>
    </wfs:member>
    <wfs:member>
      <ms:pand>
        <gml:boundedBy>
        	<gml:Envelope srsName="urn:ogc:def:crs:EPSG::3857">
        		<gml:lowerCorner>545361.646442 6867889.371463</gml:lowerCorner>
        		<gml:upperCorner>545420.507749 6867933.162223</gml:upperCorner>
        	</gml:Envelope>
        </gml:boundedBy>
        <ms:geom>
          <gml:Polygon gml:id=".1" srsName="urn:ogc:def:crs:EPSG::3857">
            <gml:exterior>
              <gml:LinearRing>
                <gml:posList srsDimension="2">545420.507749 6867921.002773 545406.274343 6867889.371463 545396.663710 6867893.072554 545391.240546 6867895.156551 545391.082374 6867895.098126 545387.073398 6867896.667251 545386.029301 6867897.084651 545379.989239 6867899.503708 545378.314088 6867900.174137 545381.699497 6867908.453227 545361.646442 6867916.290578 545371.453024 6867931.122349 545385.250081 6867925.728791 545388.140971 6867933.162223 545391.119028 6867931.997471 545395.165705 6867930.415481 545401.939667 6867927.767008 545402.242024 6867928.506507 545410.106962 6867925.275422 545420.507749 6867921.002773 </gml:posList>
              </gml:LinearRing>
            </gml:exterior>
          </gml:Polygon>
        </ms:geom>
      </ms:pand>
    </wfs:member>
    <wfs:member>
      <ms:pand>
        <gml:boundedBy>
        	<gml:Envelope srsName="urn:ogc:def:crs:EPSG::3857">
        		<gml:lowerCorner>545555.911251 6867645.996197</gml:lowerCorner>
        		<gml:upperCorner>545672.823313 6867762.450037</gml:upperCorner>
        	</gml:Envelope>
        </gml:boundedBy>
        <ms:geom>
          <gml:Polygon gml:id=".1" srsName="urn:ogc:def:crs:EPSG::3857">
            <gml:exterior>
              <gml:LinearRing>
                <gml:posList srsDimension="2">545589.890511 6867689.699997 545589.717149 6867689.957754 545590.512836 6867690.503892 545585.516895 6867694.971943 545579.680217 6867690.968556 545581.240247 6867688.683159 545579.120229 6867687.200583 545581.197493 6867684.079627 545581.042910 6867683.973708 545579.746923 6867685.885605 545575.743946 6867683.159664 545572.859732 6867687.417398 545567.073028 6867686.206768 545567.191221 6867685.643834 545564.695344 6867685.122310 545557.972848 6867685.737499 545555.911251 6867696.039556 545574.678444 6867699.970985 545574.989195 6867698.480173 545576.433828 6867698.783225 545582.839913 6867703.437755 545589.259969 6867704.783735 545589.794267 6867705.062639 545591.473962 6867705.414793 545596.629883 6867718.084250 545616.814319 6867733.026094 545632.110997 6867734.307151 545649.497058 6867762.450037 545672.740577 6867750.166276 545665.411006 6867735.697616 545672.823313 6867729.461109 545667.492713 6867718.940557 545668.440760 6867718.458574 545660.741748 6867703.263156 545669.619526 6867690.781410 545666.535031 6867684.653083 545655.820403 6867689.967699 545649.594803 6867683.495437 545641.948581 6867686.824814 545624.979360 6867645.996197 545594.123538 6867656.329181 545608.285703 6867688.394678 545595.780229 6867685.775465 545595.011791 6867689.464038 545593.658812 6867690.610259 545590.772818 6867690.004182 545590.635789 6867690.206466 545589.890511 6867689.699997 </gml:posList>
              </gml:LinearRing>
            </gml:exterior>
          </gml:Polygon>
        </ms:geom>
      </ms:pand>
    </wfs:member>
</wfs:FeatureCollection>

